IWHiLYYSPk 2178 994054
AZevbXOEYQ 2178 983640
HIPHgfsjEA 2178 818171
xVqKHWniUr 2178 774319
rewxtyCJBJ 2178 763218
keIzGPbLbk 2178 756592
hqOFBNKPbY 2178 746410
gJZpbkLnBk 2178 706698
elmSsZddCT 2178 551745
VwBJvafxGJ 2178 541453
OCoNJZSVtP 2178 539852
vmYaXkXcXO 2178 510207
dFczGHhiuV 2178 468698
uqvTSEjFrp 2178 457218
ICwboCkQJp 2178 343952
eXmiKShZdV 2178 254268
QXjbuGcCjn 2178 227778
hFIwmZPVui 2178 148376
ryenbBvwrc 2178 133276
HXnqFteEAb 2178 119037
KHGTSYllZg 2178 107205
JKZhnqDjWP 2178 90282
xEnmVncEWr 2178 35288
mwBQBvzYoy 2178 7805
cMfFAtWAxO 2178 5387
mWdPNOoNAJ 2593 957653
ostSrmMYgN 2593 934906
gFhOAKwJog 2593 896944
eaxbrOygmC 2593 890545
bdGOGzUaMl 2593 872944
oHocyACNhx 2593 856527
sRgCTCIpzl 2593 854374
HrQCyXyNxF 2593 778270
MICbBRfNdf 2593 775610
iXHwSoexfv 2593 601907
lUKeBPVoTH 2593 528721
TOxWNOTmSv 2593 435892
AqpslvwKtN 2593 418205
cKKyqaRogu 2593 383699
xCteXgHJTZ 2593 353070
enwBCpwTap 2593 335217
yBCEUeCnoV 2593 327487
NeyXOKrgzs 2593 304618
jXjLHquoAr 2593 278192
gUpdFsbYZG 2593 254431
IKQPsFRzHM 2593 156006
WAizaNWCSV 2593 101254
xLfXjyuMhk 2593 61840
hHAgfFVhMh 2593 57336
ICMnWZmtvC 2593 22691
YMDKIuguPS 4893 993279
hkRnBpKsOj 4893 893215
qWZmiVIodG 4893 890202
xeuHRAskpA 4893 762634
cPWVvrrLaC 4893 682384
FfyQZnjrPt 4893 680329
MplJoavOIk 4893 608674
oOkhcbKWEK 4893 606806
GAYFKxhYRq 4893 587649
qGwMTwpvYC 4893 530923
oXhvZQDJIo 4893 529117
MXrUeJUYuh 4893 481253
DCUnJCbJMw 4893 449243
NjTICkAhxl 4893 438745
LhVmKrwuJg 4893 413577
cznwIveoQu 4893 399630
xVoxZvVIpZ 4893 321248
NaZioaZwVi 4893 319772
VtmAPFpzlH 4893 225400
TdOTWPPuBC 4893 216477
sJjFIkATJC 4893 180297
MSPBTDmwFy 4893 174642
XYuLHMDcFD 4893 114927
PLXkThiIzS 4893 26985
YsOVstIVYw 4893 13421
LgyODvLIyV 8061 999619
xRuddUXiCh 8061 998822
fbiFLAwBVs 8061 943948
VZObyEsTYu 8061 928101
amttKOyhuD 8061 855515
GKTrKkEYOk 8061 798096
wURMgRHuNC 8061 794438
omjzZCMcJS 8061 771331
eybgMIBPxP 8061 718158
xUYQHxhFLD 8061 634837
ucIgUYQgro 8061 599457
jnYLSgtSuy 8061 592886
rieiveXemc 8061 551183
gIqGKdWzIv 8061 440855
nclFUayeJy 8061 415162
wzrNaRoZJe 8061 374042
ZEpBYwfeoF 8061 294361
ayXvlwoNcb 8061 238515
gxbxawcaEz 8061 148768
pnzsanDBrm 8061 103575
awpWlnuqNh 8061 54891
EIWVjshPPT 8061 40296
alwcqvWLZW 8061 37192
aWeAeORrCB 8061 11738
TmkltOxXJj 8061 1113
CnPYIZNnfb 21270 939457
nWNiMsjdRx 21270 825173
XTPKbSkETV 21270 769219
oZxluCpxcF 21270 727782
mkDpvdnrYs 21270 694135
uzFGZhiHXz 21270 686087
CcQZOuOwBa 21270 644291
xREckfouxc 21270 627035
kBKAKyhxgj 21270 572231
fUgebjOEdP 21270 550794
XEbotKneOj 21270 498056
qQyUibfQfa 21270 467740
OCApQngTJg 21270 463483
oDIgCxWtbY 21270 412708
NXXBRSNQtk 21270 402467
OAujquohwW 21270 387328
fuNMnGBMEI 21270 341147
twKJnwMTna 21270 293787
ZjvQSUrvlO 21270 244586
nkgdMRBsOj 21270 162457
TdlCUwfzUI 21270 117407
LZlVxABAsh 21270 66408
jiOABFIFoc 21270 64823
degHAHrTjE 21270 64582
LZryiyDOJb 21270 9025
CaslBPNOyS 26612 947842
qQsDDotmNS 26612 818094
CnGzOlJgdt 26612 804004
eyoKiKoClh 26612 756902
zaQAimrMxS 26612 724838
UvhuuvxpuM 26612 660250
ImPSCCJcYV 26612 645833
lSpAjhYicV 26612 566135
vqeWgXsbXu 26612 562263
hHYxIBNHGQ 26612 454078
HQamrfxbFZ 26612 453569
DsBQgGkdfp 26612 399460
YUKJAjJEHF 26612 391114
tqKBMMrGSD 26612 354037
kHNtsoNjoQ 26612 295323
NgINZQrZVi 26612 267371
NjpQCjqiCA 26612 239431
WDicJgySFX 26612 194919
OpNmFoJUQm 26612 185551
enDwgyaKqe 26612 160834
pdgoANCrCp 26612 139259
iRNBnHHwwi 26612 118203
OwCqTSroZS 26612 61061
WIQteKwGql 26612 57174
OArZEltSVQ 26612 31159
VZVqZufXEX 32036 911775
FwGnMPjtWL 32036 891089
iKKTobgRLI 32036 854324
IwaiScWDgp 32036 853615
JgsRSkqPVr 32036 812529
qVEMkSxJvj 32036 804367
jhoKzkxtJF 32036 797611
XHiLTFfKVp 32036 788174
LKpksMGASf 32036 769123
HWgxUhQVWW 32036 727115
QeiJGWAugR 32036 716062
cpmyHvveWR 32036 652998
SeeOXcviKu 32036 639371
XSnaKYmauD 32036 633604
swLQopVccf 32036 566302
UszPaZRLbY 32036 470832
QzTkkiDXPK 32036 384918
laSlUAAsls 32036 354945
nylqFZgAXg 32036 338134
xxfDFpZoOr 32036 300773
yqgrUXTspD 32036 218690
RrOSKBADsP 32036 159505
cezOSZFmIY 32036 137301
OwFeNLoTEj 32036 43238
pfJHVnNjip 32036 29941
RxgqPwgRXg 46533 901666
kIgCZlLTyk 46533 812940
egNMYihTNQ 46533 801907
kMnBkDYiEc 46533 800479
TlSpBXXznp 46533 746119
dPpwxvTnZq 46533 725538
hLlmWEOLLN 46533 698886
apqHlRUDnF 46533 589934
DIwzyAnOiR 46533 568558
RRdhvfxnCL 46533 502057
HoCYatvLvN 46533 474119
dVTQgtESFC 46533 469360
MXvcHuhZFB 46533 468841
YqJjKoEvwh 46533 467933
OEjMUBTyzd 46533 453626
VxgZZPinyf 46533 381858
UWukbXgGAA 46533 361268
yZIDSkGyCF 46533 313593
AYjypWXBlW 46533 296373
xmULhWHynx 46533 294987
MGdEDgVxRN 46533 282150
VtRvTBfsjU 46533 244717
ZAdIhHPlSF 46533 117469
xdhXopXerk 46533 102225
YnQqagSJbP 46533 20414
rmnfvNqzFw 47462 942223
YaNvTWrRmy 47462 896695
RTyJMqNvAf 47462 885247
HHPsZRwCpx 47462 865507
nECVDltYiW 47462 821662
QLlvUfcNaW 47462 809758
yeEXANjKwI 47462 788746
ZIinLYdpQN 47462 766045
hUNMrPprhl 47462 759110
hFABgkahZg 47462 657412
WJiiTWXhLa 47462 628199
yOUpaflFzB 47462 467737
yVgOZKOazO 47462 455808
WpyJalnvEb 47462 440821
rhQuoUSMeW 47462 425969
ThYvOdmfgm 47462 423529
ffVZROftzF 47462 408162
ighrcnSbDw 47462 321532
RXZfHHxTVA 47462 311326
ABUhtwJzxw 47462 260303
sCUbRhlghf 47462 238722
NQoRjSLDtD 47462 178837
xFgDVUdBrS 47462 52920
RZApouAjjP 47462 35475
AAzznTeeuh 47462 2765
yHgqxZphGh 52043 976666
dQipwVaKwJ 52043 932732
TCmMQRTwMi 52043 873388
voNwhHVaMC 52043 859988
HdcCepGxdJ 52043 846882
TFDXnhIRVJ 52043 791996
ZyoutJwgym 52043 790724
niAzOhDexw 52043 780886
ulqOpXILEb 52043 775391
JooFCiYXzR 52043 703920
EQioTSPnmC 52043 694779
xZvbCovdjM 52043 670837
VJCndIedBD 52043 568869
hITuSfrUgS 52043 549203
bsnmFHVEmd 52043 538383
mYxnBzCtTT 52043 519781
zNPebhXgty 52043 445030
VMRANyGMEg 52043 440686
UVIYFBmyNY 52043 407750
FkNgugdmyX 52043 392659
pKICUrmeDH 52043 345822
yUSRTAgPdI 52043 310126
KbtygEVwZH 52043 300860
MngtRjEnAq 52043 250426
obSntLEPFS 52043 9248
PXrzeRSVSR 55103 992128
gdQNTQPMKO 55103 955712
MEJDpobngY 55103 935237
zYBeGoyvUa 55103 906275
mSqomTifLZ 55103 890916
CddcREeDJS 55103 881828
QkEjsLCzwk 55103 763618
XtbsuoeqUi 55103 708014
hQlgPjAuMM 55103 670824
mjfJQtyjYM 55103 665444
KrDuqrDIeX 55103 597153
LKidkDwyMT 55103 569672
REmGzESbcC 55103 554655
GlTGDjcbqB 55103 537842
npAxsqKYkq 55103 524710
ktiTbXVjNC 55103 460867
jvnfTKieTo 55103 456117
QadzAxxlld 55103 408600
IwPFxyWwDc 55103 302009
xxkAhSxgiL 55103 196707
ZWBanWOQwO 55103 147463
PcojwOREOj 55103 121779
ZRdDMQnofV 55103 78072
feCsWFrklq 55103 17725
LAnMdxPqsT 55103 4919
lqynZPiKbf 57787 984503
OxXEROvBXg 57787 960540
wkxNKOAuTo 57787 937260
NGwVRWDStX 57787 865961
aFkjFVcBLJ 57787 853733
dSwaCkHAPQ 57787 836222
KOBuJsqrPM 57787 819573
mRdjeHwKAG 57787 814707
IWVndIlJgS 57787 805866
IsRoQAvwgj 57787 730467
wmTOFKoYKK 57787 581877
lntqApWBqi 57787 509312
XPfIEtffad 57787 502869
NQJApIzCqx 57787 442940
QtwmbgiPWG 57787 416694
bKnIlbfEkj 57787 391091
ROfqXtZpxZ 57787 384644
dyrAaAtqed 57787 370145
kpgHCvfgha 57787 335622
JUPbVVKgWU 57787 303557
WVYeDYWJoC 57787 212631
rjSLRbPtzD 57787 195490
MFjEMcHbkf 57787 177895
wfIbqhbQNH 57787 77277
dLkzljmFCr 57787 52784
PuRismCAwJ 61497 985722
PbZjgNRpNW 61497 974701
tZccHsXpeA 61497 883036
ShzNGqrqVA 61497 844544
hjHcHVPvck 61497 792939
OLHNslGozm 61497 730594
SWEBDQKRjM 61497 654783
GNngKEVSZZ 61497 614771
EmpKRxqhPn 61497 572515
DbivwZXLtT 61497 551652
xKAypfLBUU 61497 516690
cHcQrssjUn 61497 468330
jwGpmRCxdt 61497 449933
WRxwhUXzRB 61497 336174
qeubknfMsD 61497 220301
UeeZiZRfry 61497 188048
oNGTwoVpFX 61497 185975
hwszzDMIRw 61497 120762
vEaAQWFXQp 61497 115465
WwIUmLETYw 61497 89237
KItnAJIefr 61497 74074
ifhxnfckLq 61497 64013
ZGXnjSuINT 61497 57841
EPiGysmnDn 61497 53607
WhRhBNWqeJ 61497 28662
vBFjJxQBZt 61669 998409
JLeMaLxhCM 61669 933317
WVokHlQqQh 61669 926685
AaMmcPNhlV 61669 921209
PRnXjQsTec 61669 898572
WQMSKEFQJX 61669 824758
RpqTaNmLER 61669 796443
XKAhNxCzGd 61669 719136
rMiCEaMCwI 61669 718089
lMBxCstPyH 61669 670703
WHMYUqyazZ 61669 616144
XdhvsEXGdL 61669 601432
frRRtgLNHx 61669 597813
VYQOnSpBZh 61669 571226
FQfgrmQcxT 61669 543156
YIhLgqsxlT 61669 539339
PFrkxyevdS 61669 432213
IuMlpFRKSm 61669 212031
hqDmqKZNQr 61669 209803
hrSQajRQAo 61669 203803
ACWdxweSPt 61669 161908
nkHKtXJVob 61669 116277
mbDSLxuELc 61669 111018
dfCKLstiVl 61669 99213
uYhkxFhCOx 61669 61690
UiRUqJcaKI 88544 961008
DKVWkPLYen 88544 946672
rYfhoGcTpp 88544 921438
LJnUeFtjnU 88544 888652
tryNlcuXYB 88544 854318
XoNrrHDDix 88544 817002
zxNAHTEWeI 88544 807053
XgkunGaeVr 88544 760834
vNDPzxfKbQ 88544 702793
WppaxtCRjX 88544 682092
etKcmsGUQz 88544 663784
Fvifyghqpi 88544 616138
DTKpPVBoza 88544 543600
paLEGmDuYl 88544 537427
fCPbIaWVeC 88544 428314
LKUsIYjeha 88544 425760
nEOfqIsRWw 88544 343754
XNuItnaCeb 88544 337315
JWMHCrfvAM 88544 243470
fjJYZPvaII 88544 210828
ueYPCoqVnY 88544 205222
MImKWjdsUq 88544 204024
nXFvlEkWZN 88544 110286
GNLbXqmTXr 88544 76197
QLfftCJAwH 88544 37912
iIutBgupqU 89578 889707
vieNFYbDcO 89578 840609
SGHOPpqZrt 89578 786587
EgytltZKtq 89578 771172
NdiCsqCWLC 89578 738115
CvUgjCqdmF 89578 719472
nvFiKQmDeF 89578 665734
viBDYygoTz 89578 637520
zZfpqiLIZt 89578 594001
pCoUMQIKSP 89578 523210
wfVGckyJDn 89578 514060
qsvfpFnxSa 89578 450819
DfAMWQxiBb 89578 363710
IoevJIwRJr 89578 354396
hAVsBzZJLY 89578 305334
yMYCHkuHmn 89578 242825
WtRfpKhUqX 89578 240544
iDxmdOZryv 89578 233419
cqQefFNNot 89578 211093
ZjOjylQyOv 89578 198552
JhFyWSEdek 89578 173885
TZVHAlyRaX 89578 155529
bRpKHvDITc 89578 80277
VZaVXJAURP 89578 76049
jCVIbGwnMx 89578 36438
smmZWXHDaS 91035 946155
zttnxsCNEN 91035 924250
TQoJrUJQyr 91035 888577
ZLdbzOivwJ 91035 850662
ARyafDEeIp 91035 825049
fRDluOkhuB 91035 812647
dWfyjIZEmC 91035 779214
cKQUuXFXZN 91035 742651
WcoiRoTXEw 91035 738264
OOLoVlhbdN 91035 737132
syBycUpTOK 91035 639540
vuxuLRlBvr 91035 637759
muSzUoKsxc 91035 627307
dawLICJofA 91035 604198
QFDgCYeuhC 91035 602893
JxByHhnyCP 91035 583658
DqyHmFoWBQ 91035 579775
jzDHGAZtCd 91035 439776
UiEPVOmSXZ 91035 354413
tFXaCotuJr 91035 340764
rfnGLlRjGZ 91035 264679
NABKomphBl 91035 260848
HsqtWmFSAi 91035 250945
dfnJvYEnFK 91035 248633
aiiriCizaD 91035 248299
VyOpplwrAC 91263 947078
wIyTgIVMBi 91263 915597
XfTvSwaFXm 91263 909554
ACDoOzjywN 91263 867252
QiWwCjKOUW 91263 833477
SXSRTXYvFG 91263 828870
fHICRLlBbu 91263 823129
NMhkzUHOOm 91263 809792
xsPIqXfybD 91263 799126
GRRPlnCXOM 91263 787552
HBKYBOExzZ 91263 776588
FKfPfKpxvk 91263 727324
miTZsoEuQM 91263 686916
mlJdSLUZmX 91263 652341
NOxjMmTciJ 91263 598844
gWEkmwoHDH 91263 582374
NxxKWCJIZd 91263 405443
PjftLHvEed 91263 249976
AQPaLBrEBz 91263 205112
BYVvOUhzjc 91263 186474
qEBRvbTJNY 91263 134638
XNsCbmkSPi 91263 111821
ejUJbYVMqn 91263 108169
NZxgiNnEuW 91263 93885
rfFZocLfRS 91263 76194
ddPAvOOSrf 93985 974506
VzaEobyCRu 93985 967686
lsieuCwdOv 93985 961549
kOGbXMPOeh 93985 960295
ZvXXwnpRip 93985 943424
iQbselVwxK 93985 916542
UHXqbxsQjx 93985 902628
USSQOgFmOz 93985 900803
zbTSnUBbou 93985 839774
noEJhOnrOu 93985 793597
RdEDHwTjIw 93985 775181
XBVGKWcRuW 93985 738785
lLMVjJbgey 93985 683148
PZKFAnsKmZ 93985 579196
FIRNWLTglG 93985 531197
DNNagIToyQ 93985 326015
zPmPSDmxSz 93985 291474
WywiPvysFm 93985 288804
LCJdnhOnqg 93985 230250
pgeoJEOCka 93985 212305
VxgBnYXcIU 93985 128955
cntvBoSVXx 93985 114292
CufbMMbTJt 93985 64655
uabuodGlCR 93985 64576
QTYikCvwgY 93985 41914
CLRbeLycRD 99753 988391
uxxGiKPmST 99753 936871
MsNOmHyZoD 99753 935958
reJHWEBXLM 99753 875050
avXzcduech 99753 874091
NmhhBCwAWO 99753 819708
iGbqYVsqab 99753 752066
ZPimRfrCwu 99753 725245
tbvRMxXqam 99753 711085
SxRilfwocK 99753 607355
DmCwMWOQsM 99753 511208
YbXhVAwDVz 99753 509141
rRyecOMZHs 99753 465655
jLMLQHUhtC 99753 348063
iGPPYIuPVK 99753 299725
GtFugNuoGx 99753 259911
KPAlnulMCo 99753 256057
vNReepeANi 99753 193063
hRPTgkmzRS 99753 168594
TZRhEuTKcj 99753 158542
aGicNwLlQk 99753 136873
KvFvhZyLJr 99753 115330
henfFIeMLL 99753 77619
wvQAjEZDLN 99753 49461
UlxjnTkfII 99753 22595
