jgdXUneFXQ 662 982959
BdteeJTuBJ 662 858632
tSbnpqSISt 662 851169
mGecBmhACK 662 810369
jSzDISgouW 662 760430
MCovAqcZAG 662 623417
xDhpuIThFM 662 555391
OInPLUKjzd 662 534519
dKeNsolZym 662 464827
kfRNcigisM 662 455119
lkNnBxbUQk 662 431751
hXeNkdwlbv 662 312352
IjJVRCktDb 662 300133
RqxMLQicJw 662 267746
DzldYMPbEl 662 244918
JXkVpJmdJB 662 244340
Xgodpaklmh 662 237602
XVjCgbVMzD 662 223679
xuMImXakhl 662 203441
AUNPMshUzh 662 190530
BUGOjICvbd 662 126861
WkuErXmGPi 662 73236
VhFbRdcdMK 662 28302
FJBoCDYVuo 662 27486
HcNMqHpQOy 662 2390
JqdYvYsvsV 1210 996766
wSCiJjTwyt 1210 969597
hnYnfZOXLW 1210 939617
XDjBZUVmnv 1210 934130
FHZnCkdYBk 1210 918467
RVGmwOIlJv 1210 904108
czoUBLcVcl 1210 841578
fMaszvVvSr 1210 741935
JNfjugkZJH 1210 726274
jFzHsmHOwj 1210 697164
TWVWKzMlAr 1210 653955
simvVcCxmN 1210 650598
kPByKxmQGX 1210 547916
NfEKZAFXuM 1210 517157
eFExswOdCw 1210 418947
HFcKjcTPhS 1210 414889
ZHLPPpxjKU 1210 399329
JNOyWJLVVv 1210 345132
yTxZkHiKTM 1210 220968
QhZzsnqzLt 1210 194328
pyYmaXjFsu 1210 178293
qjnRAYuTnR 1210 165222
SPmaLEkkRY 1210 114863
FkolcRIseE 1210 63965
zLtgYsrtRU 1210 36199
cUJomAiuQr 1928 935044
uXqGAcOlnn 1928 916371
FnRsuEfNhQ 1928 727813
yusRIpJKvw 1928 691544
mSHXlafBoh 1928 652236
rNHfShgCWp 1928 627886
JhAkRUPrqm 1928 579000
eTMiwGtDzz 1928 475873
QEvzdricvy 1928 466715
cVlhSmWFxB 1928 431878
flTpRjlsZK 1928 397906
DCNJOzpufd 1928 395776
WxKknMkrAw 1928 390681
XMpgPaWNvk 1928 356240
ISJhXbonXg 1928 353516
gOnSLXCjRt 1928 277657
zNwyTNmKxd 1928 221024
ISQwjiBMOL 1928 217957
mvUhkpwtdq 1928 217185
KGBgPomDCc 1928 186202
rhQpxgzWyR 1928 161321
nYxKAjHREo 1928 130020
FaBLZLbYND 1928 70568
eDVnKvPjMn 1928 53849
cLdTrjDVlh 1928 49285
ZLyVMlMNSZ 6115 929977
WkRUvcEoAH 6115 834916
ILLabmNdfw 6115 815489
svHVRxcNTP 6115 814959
SKZphgsfuX 6115 757319
dylXzPXqAW 6115 703556
LYaYMyKqhR 6115 701739
XauOwtKQdk 6115 697328
mTdWvUKJsC 6115 692455
bHWnAFkOXS 6115 688798
LZunpjcsza 6115 688087
nIJOkwdsXr 6115 661840
nrKufQwfCm 6115 632626
qFfpTlrjCX 6115 479007
MfxGZZfEdo 6115 448681
nlfkbPmEXW 6115 443998
redZnPxqad 6115 400106
npdLShRCMY 6115 373620
HmbLmdcZHR 6115 349053
SMeIBOJTLW 6115 304873
MngXMDKDQG 6115 110845
NGhpTYaIAO 6115 75220
DEkzsFdRsY 6115 69200
HjNonTMzvg 6115 57317
eMfsQLuuGg 6115 26862
RZIMOWPjbH 8073 952269
iHHUYCkTND 8073 857277
rjtEbwJDSY 8073 849352
VdicnDjjjq 8073 826308
WtgNNKooXG 8073 788936
omBSKivaMy 8073 741861
tJZXuNdfxH 8073 698515
yvMbZOPrvF 8073 524843
qBvboZATrO 8073 522413
HjxVNgXVmh 8073 383837
vgMoGHHFNJ 8073 355637
pUOhmgypVj 8073 329362
jnpjZFVCxT 8073 304773
kkbwMhnEex 8073 292599
lfcoStuhMh 8073 283260
odqWOEDtXq 8073 250045
RdNKCzuBcI 8073 249418
junrOruXeX 8073 227063
UWeLcmqgqF 8073 220630
STQuhLODkX 8073 147646
gABvyNgRQI 8073 103490
rHtCtfmbzT 8073 79731
iYRcyYUEXb 8073 71233
zPpriNbEHC 8073 57610
VxpZXPSAeG 8073 15022
AQxYOpQoey 11618 993363
OzCOwbVXvs 11618 988625
WjrePRQeLC 11618 971355
PLXnPgDXrO 11618 960802
cOlgjeZOHC 11618 925763
LDvAQWqVNf 11618 849945
bGRcxkXtbR 11618 843155
FcFfEyCOIu 11618 808571
McoYMDOafI 11618 758264
BzfQCtCfta 11618 713361
IjXOqChrqz 11618 648297
qSwjdswpwQ 11618 637795
fHGYBCNvTY 11618 466695
onXUofNMqt 11618 415735
OowKIIKIRb 11618 411097
tRbXWlzbsE 11618 402066
fkMEPyIBZa 11618 378698
IAcrAccNGg 11618 333842
dGmstYEVOj 11618 295868
tWHuMMrtCr 11618 251213
pkkFtJhfZf 11618 250673
pxjONtQAJh 11618 202766
lICinWlqXT 11618 144344
gBvAeiItfz 11618 124032
HAMSvzluKo 11618 92862
iGyqRQPoRv 15697 999228
uSlecWnHwz 15697 991083
RcyJZbqeUE 15697 911324
jgORiJJzdG 15697 910862
XQGRTsDlqT 15697 853310
mcaiwCzTRY 15697 797855
fzHrNOnYXg 15697 788870
defYhJbAmK 15697 690092
omTRqegEaW 15697 659769
KQaSkMutAK 15697 597956
YBuxGwoALD 15697 523298
teAVgAUqmH 15697 508026
LUDKIFsNuW 15697 505484
vLcrTCQFhA 15697 494196
ROhyuOfecr 15697 428083
YWoczlFefc 15697 330224
sCYICwdpCN 15697 298060
aniJEWeVdJ 15697 295513
WUgArFqPmR 15697 277064
oPkoDpvLTA 15697 159584
DCAFxiWhVn 15697 141789
iSJzaoNgZe 15697 98978
hAHxAMIcNa 15697 49370
buLwjlcdSl 15697 2940
hdzybidohK 15697 553
vqvRwXGPYh 17591 974607
URRWHCVbpQ 17591 972713
YZkvTcHNQv 17591 931533
zGcnHdqhee 17591 894010
nkNVOBZghl 17591 871201
ecgaTLCSHu 17591 820680
GtdusZoKZo 17591 815867
woFKSlJBOC 17591 806064
xRMlAzbfVS 17591 771712
fBCEFEDjwc 17591 732245
uZbAgmVYHi 17591 705725
NegQdbCWye 17591 542132
xXrgBaLLLb 17591 525591
xdefBFqgTw 17591 446769
YCIsQqFsoj 17591 432027
nLKuHnnsmc 17591 405108
gIkidMvgik 17591 341276
mDTayrOgjO 17591 337416
cMVnnugGxQ 17591 308693
vVbvAwHxxJ 17591 280612
DsXiMsPnxw 17591 244729
YhGzQNxcSN 17591 219981
IqoRxzCkzQ 17591 108812
yRAypbATtt 17591 99222
LmEYZuZoLX 17591 41219
MtxkDDiMvB 20469 989699
mluQsLBkGO 20469 880150
ecCxWhGeDy 20469 853398
fhAjSrQckP 20469 796881
XndhbHLwrH 20469 782112
joWqyhbgDr 20469 760739
sdCiArBwTM 20469 732928
AozAVZfLNr 20469 702142
CovKTQgRMM 20469 678174
BwijtzsSkc 20469 638654
uZJShFRGmK 20469 548255
KjLnGzzJuR 20469 515374
VRhabdnFBb 20469 456096
hfQsuXfANq 20469 419664
uvlIqIYbOU 20469 381036
YGZtlFLKIf 20469 366330
geRZharjCC 20469 357031
IyfBYkuKfJ 20469 302298
YaoIfpwRRN 20469 300157
zaqNEwPtPG 20469 271279
cjBwgwUqxw 20469 154517
XadWwqDGeu 20469 148953
skyFsEPDdK 20469 9577
kCgtVOyBKm 20469 6715
uRpZHJjPJC 20469 1379
LetzYxOkKA 20495 996598
masSQIGHkU 20495 976186
xfBxeAQdyM 20495 970864
qZtegvBHBD 20495 945619
BIpaumKekn 20495 890210
RWlvBVJiDm 20495 855345
AWYHXftQGZ 20495 804488
UHcxorZsbh 20495 756728
qXJDiPdYjl 20495 718702
yKLwXMXMUd 20495 716173
KgHrPfrpkR 20495 686549
eqNNcWzzkT 20495 668792
ZlJPVpMKxK 20495 636286
zGGKafpVIZ 20495 621962
mkWISVpsAV 20495 525077
lAyMJOHyTm 20495 507845
kZVeWGeTya 20495 474186
ArGBXqAzsG 20495 432741
mrUTyzJqvP 20495 302348
AqBmwpVQAc 20495 216391
bgDNGzyLIO 20495 214174
xpSWWzwPtT 20495 117545
ESpAfOZdYL 20495 103716
zMcOAeTipo 20495 70216
YeLeeRbnFv 20495 56574
FmFqHFiMMM 21691 943963
MirukJOoRP 21691 939665
cdbnXBUZDT 21691 837749
uHEknqMwDQ 21691 788915
FwqfqpETWD 21691 752131
UXXiMvwNtv 21691 575335
pRgRPWANli 21691 570018
QCiSGWdxnk 21691 563671
vLisrylQph 21691 544209
ouyGPkcYAA 21691 517267
YvybGsfYNx 21691 384603
CPmbAhOysq 21691 384203
yWUtmZxzcE 21691 380073
mOxpSzLJMW 21691 346653
yrqsnoGAvY 21691 327053
tKWOeBeKyT 21691 313658
NEoXRWCEHM 21691 307532
NPWOjLUyGN 21691 193972
NVBFjeRRVz 21691 184669
IAUkwOHFdi 21691 160335
JwFnKWrhMg 21691 122731
lSHPRfWVPs 21691 50236
lSoUCyJzmp 21691 39654
PAVQyCERZj 21691 28767
xMnXIILFuT 21691 18693
kCaZQhuKqQ 24115 998762
jPnsmxqsAB 24115 993666
RzGFCcJnpJ 24115 937910
WyMrUhnkjK 24115 922561
rnVEfEOuiD 24115 896642
xqteLrzyrR 24115 856476
GIXxqdJTUx 24115 796393
RqGtpErVti 24115 701841
xKPRCCMIVp 24115 701812
cFaHiOBtVU 24115 566005
WYIwenlsGT 24115 473723
vKmkgJlNNl 24115 455466
KDfUShrNLL 24115 452503
fTLjYWcJFI 24115 449008
YXAkgYLIJK 24115 442388
YIgtyxOBoA 24115 429984
MUAYdIxoPp 24115 397254
HnnKloWelk 24115 348740
SjMveVHTIH 24115 347631
rtUqoaqyJN 24115 274533
DkMGUhJdMa 24115 149801
SLbFfxNlWt 24115 84763
pnvtfxzOlV 24115 47164
OmQYbOjsts 24115 41118
AsQbLdAeGu 24115 17489
fWFNeAxTCw 26304 962316
UpKDNXuvye 26304 929955
ItcGwLyeyi 26304 923289
oPutkHSRBH 26304 916352
tZQAvCFKZG 26304 898175
kFSDwIIjtK 26304 884516
LMjkfvKxZH 26304 801013
EDAnjsHUCf 26304 764861
YTFgoKSwMj 26304 690579
QtmLXxDgKC 26304 683823
ihbgJbxGXF 26304 516665
ccFfSKIXIZ 26304 509749
ULvXmBaZpl 26304 409348
HxYopagtBC 26304 323080
aEYAREiGTg 26304 264393
MxwrmCfTFo 26304 254186
OGDEAqKPIO 26304 239428
lHNmMQffqY 26304 239280
HGqIBORWBt 26304 234900
NhROQRijDM 26304 211715
XzmNozNwGD 26304 207574
fQoSXvAtad 26304 197927
binYUHVejL 26304 160983
MIWEcPsSeO 26304 144871
lTJyILXVeM 26304 116328
WltqNgFIxH 30148 992147
JUjZjvObox 30148 975566
hChdYxjOgv 30148 962727
UtxZlTvWmL 30148 942556
dVMaNpIcJz 30148 799720
bQTUWseKMP 30148 709663
uMJkRNtPgI 30148 676523
gFsGMFHACr 30148 659076
guotdXWLkl 30148 642959
aIqFBBqWbq 30148 609847
amGarfdZtX 30148 579034
zVsRdmbacK 30148 538726
pXSkOHnHnM 30148 534778
WmiSOahvXE 30148 492298
mmxnnbVAwz 30148 424198
QvgsEmdlgu 30148 413218
uSzrsPLtBw 30148 309758
IgxcFKoaKI 30148 279332
MpGaumXERs 30148 243603
JZrrubaMCs 30148 199978
bxOBscoBCV 30148 184609
jIwBBQWWNm 30148 139893
pYGWPBlsWg 30148 98104
ILirVtEwNP 30148 69317
CBGekfxntd 30148 23100
wxZDKhTGoi 33946 966329
ZtyjqAWycX 33946 961749
yTWtqyduJJ 33946 950414
YVmbsrSnYK 33946 852994
iHOWfpIGRV 33946 845908
tuJagyRcoK 33946 796828
rEZXdOOenE 33946 764266
eFthTRugTH 33946 705442
jKNxruMuab 33946 651946
VvCqSmOGFM 33946 648867
uJcZQUZZLN 33946 626622
gesOCKOasz 33946 604507
cOlLkrOpGX 33946 600213
SHaWVCmDAB 33946 565422
uEWReBWwCr 33946 455572
DEnGXBxIno 33946 361573
lTfTvjTwjz 33946 249505
NaCGgQQhkW 33946 211574
eiryOJokCV 33946 164056
cNqlDmnQSv 33946 147484
jGcFgYTXiq 33946 91986
NBkOAVmckI 33946 41212
cbjibIusHS 33946 25645
XjAiTCTHZD 33946 23760
LHNijtYXZr 33946 14114
BcLlAZgJkF 36759 996309
UrFIXuzIaT 36759 962387
RvTACgauwZ 36759 960417
uOezDoyOOR 36759 931627
YXnfPSfVtP 36759 922494
NKSUdpLceO 36759 807497
oWjTHWIYbq 36759 743979
PqKjuAalvZ 36759 711561
SUklCOFaso 36759 630525
wpbvLHYdEO 36759 629140
ARbokJpKWj 36759 601235
lrROLNZFur 36759 600356
lRkYCYwUma 36759 590628
qTZdvVAAqL 36759 529570
VzDTsXGDKS 36759 476559
sFcnjBrIeJ 36759 468491
qxpKhxFnhT 36759 464215
cifmiEhGJz 36759 433744
JTtmkHqOzi 36759 389720
scymMSdZVS 36759 361547
wsaFelfQPn 36759 342578
xjYzmvogRN 36759 286007
YgxbZuWYnd 36759 229949
BbsEwaVcBZ 36759 68744
FBOiKxBVLB 36759 53251
UeWXnngxYc 38829 971629
YtszhFHVbn 38829 908588
LVUlCcYHxq 38829 880110
FXNBTFhwXh 38829 871682
keLyobgSYh 38829 862804
ovSvuymiNW 38829 808293
gXisOHNCoP 38829 801112
YZpiTATuGw 38829 789566
CkLJcvYaiC 38829 766168
sTeOdHFILR 38829 487061
GitrVoRDmz 38829 458562
LKjHSZhGXs 38829 445943
XEjjnMhHhZ 38829 387409
wvjknpBcLR 38829 347506
hiDWeTKWCb 38829 321875
aNeyZgjXQI 38829 318410
lBihWzagwu 38829 215751
gHaEgeDNqv 38829 178425
EnOWwFUxeO 38829 158468
ExzMJHowVL 38829 157088
lmwcQxawgx 38829 138981
wznseMgXFH 38829 110030
htuCZRwULv 38829 83302
YmrqIqAmvJ 38829 50370
QUmnVqzcUf 38829 8796
oTaYrIlloW 42112 818405
QvOJfHhpUl 42112 796654
HTkntoSpPR 42112 728677
HoCqyBQVyo 42112 694642
obYbCsWEiP 42112 596890
yLtpeRyEBE 42112 575047
PCHGGLDGyP 42112 549220
IScWZZNlHz 42112 425884
JOSgqgFBwl 42112 414252
SAMjXkwgLT 42112 394582
bcXoDgmaFY 42112 393557
dezFNigVeT 42112 392640
KncRcXxKwV 42112 383988
eQluhPXZVI 42112 360666
FJOFQhkkDQ 42112 349437
tKDgGOeZfY 42112 300411
szSQZYzmJo 42112 298009
CyKxmoobwN 42112 262060
YIzeVysBLR 42112 253587
TzdIMDKWKc 42112 246339
llqfNBWPaZ 42112 167951
EaxtwREqXB 42112 166581
DocteLltDh 42112 116191
EWWAveKktK 42112 71349
oznfppKYdb 42112 37512
tfDnVJAXmv 44986 952220
OYWxSxfTAy 44986 915843
iinJUMJAkm 44986 912039
PHiUTSfMER 44986 885675
zacxQCYCiM 44986 813491
fxTposthtD 44986 798371
JCXYUGrGAy 44986 796172
pZZZKsrcLZ 44986 759617
SKSueDxymM 44986 739652
vLRKwiKfWF 44986 730419
nWnpBtMkSZ 44986 629079
xhlFoUUYpl 44986 607611
cUECsmFbLV 44986 582472
UBfwkqjMeU 44986 552095
MvmRpLbgAY 44986 491064
hxUwaZCald 44986 456354
QYOdvIuAHG 44986 393211
StkNkCKykG 44986 392447
yBUyXdSLfM 44986 380060
umnmlkMFPK 44986 329217
RiYlZwFNEm 44986 283657
JNCsRrJSoi 44986 208229
YwhcrbnfKS 44986 116658
TcAtGwWlPR 44986 110756
UGYbreEOpO 44986 106069
tKXuKBivOi 45032 998563
RtDuPJKSce 45032 961751
rYBQxCTDzp 45032 958468
HdRiqwfnvP 45032 863871
aUNKKkyKGp 45032 812513
YlBoSOyloT 45032 804637
bBImGPLcHU 45032 770130
kVVeTCkpIe 45032 682360
MbhRdGmhuF 45032 672252
OqQZKPdlVP 45032 623451
TPRUgXyIEd 45032 507931
NXxUAOgjIv 45032 450689
QhyPgJlXTt 45032 424826
UVbfihTQcz 45032 413083
MufuSzbzTI 45032 370012
CiISyvDeRc 45032 368444
AfmViDMsUD 45032 342598
ZPrhQzwboK 45032 256958
RBKrXVHaEk 45032 108209
PkZEJDMAnu 45032 98017
ZOtkstsyFB 45032 81949
FmlaxRMRLv 45032 40497
deMgbfTgKj 45032 39881
tAXfjCmdPB 45032 20830
kNhBkgXqxM 45032 8180
oMOQlWFXBu 48624 995189
nCXXdFHZrj 48624 921919
UusiSHPhYb 48624 871718
UEwgFGtjIS 48624 731567
wGIdFmFNqk 48624 719497
eqQkGYYMQD 48624 708593
FJNrdiYPeN 48624 656784
amfpXxlRRL 48624 649777
KnhHwbvmrH 48624 643847
GvQqRckNSx 48624 612883
mIzIAmSJTx 48624 598500
mZRoxlQpKs 48624 555626
fdxfTkuqSa 48624 533448
eudxKBfYjC 48624 527945
ucjzLQvUBf 48624 342798
ppZbtCTpIq 48624 226657
XrYFCUqtZY 48624 198405
auTjDVzbDy 48624 140401
cyjzXbtXJZ 48624 107255
CXkuSRdroB 48624 65379
PCMvUOCvav 48624 36953
jPBJhOQcHd 48624 24534
NNmlKSZWZa 48624 16994
dhYpPtiJXX 48624 4302
bnmbKRXqeA 48624 3599
dglENnuhtW 51013 943445
FMfYHarqDG 51013 938958
XkkUqxajtx 51013 907348
aRLxefOeNy 51013 895436
MyNsAmPhhR 51013 852295
nElbkFjmAZ 51013 750778
rurhIoqNuN 51013 589093
sJsfBwGlLW 51013 561307
BAMZFKpOfi 51013 534390
lXZCBFvlKK 51013 532188
rJfgaTsUsP 51013 467880
zEMIcIRpYW 51013 459592
QiUmjJgaXa 51013 428182
XhXDpWiYmI 51013 410853
QQcmIbHfIy 51013 408008
tbKQvyWZcK 51013 382879
lzOHcSGIUa 51013 243640
fvQYuvxzUM 51013 190891
aYBWSKjgXD 51013 171885
pmDTwbBRNY 51013 164145
cWzkkXVMtV 51013 80286
ENCfWoIEso 51013 59288
IvuNPDmTxE 51013 22470
DuDcjIrQcC 51013 14809
wzWKlwEkWB 51013 6301
EQEGuOjSpz 52716 992438
twNOoIvNFL 52716 914236
xBXmvofaYS 52716 875261
zJNzarYPcL 52716 866936
eeHcoGXLNk 52716 855460
AMxUWkvtgu 52716 828910
uMmrfhboiH 52716 804769
ewJpfzAUhr 52716 790520
OqJikHmMRh 52716 700877
xSKAIlvICQ 52716 678721
IgNStEbxCx 52716 653959
NVvDhTJGMJ 52716 624570
UsyPIWoUYU 52716 591885
zbozkUBxtH 52716 549106
MBokPwtxTt 52716 467873
WocrfZkMCU 52716 439904
zWeQfMpFCP 52716 415759
QrAieqRImc 52716 413528
fFDtYiMFdE 52716 362247
RgwnLtcSTD 52716 141151
dhvCRIkAQL 52716 140502
YipgubGkSZ 52716 114359
yArMPQEdof 52716 104452
ItTbHlTvWY 52716 82352
xXgCMLhUEI 52716 56339
wZujGYWBPs 62530 819885
ODGLUpsjFE 62530 770175
ZHqqRgSxZP 62530 744007
ysXfNAejoR 62530 660299
bluwCQqgKl 62530 641070
FaaiEwIETE 62530 634482
TpMNmCrfLf 62530 629382
XvxaYevjBe 62530 606774
wEVJjzqMsG 62530 569650
nZlgyEaArH 62530 527869
MdVsvjuCIU 62530 509105
zpoApkmZfi 62530 508754
rjYKQwaHNA 62530 374705
ACFLsbtnba 62530 367296
sGhbtCvujB 62530 294885
HfdymBBMiV 62530 286546
tSFcYqDrIs 62530 267210
tTMJoWgduU 62530 250743
lCNxmaeeWL 62530 249145
jplstrBVrA 62530 139670
VgHQplDNJV 62530 38290
DrzugsNhSn 62530 32040
ZApTANubDt 62530 26775
eKTPfuIcjx 62530 24081
vLIYMUsuBL 62530 11852
sIvfsdRToE 64332 980138
uClaXaRvNS 64332 935999
adDeMHTNGQ 64332 862734
zEtJfQOZNp 64332 859483
QaDemksKRk 64332 851715
nXDDBYzJId 64332 788906
YHUbFSSOiK 64332 767872
yBweTGCAJr 64332 734881
pGRUYbjbNL 64332 730065
eutKTIrqMe 64332 653113
joBMUSMSOA 64332 527847
WbihrroNKo 64332 485587
NUrLjAUiUg 64332 461086
RxtCgrPzfR 64332 404423
HycxtvSZyD 64332 394617
jmAXLhUNtx 64332 358575
VCRAxlJDDR 64332 323067
jpQKYWotNR 64332 308076
jzecADNQQx 64332 303715
EkPTYphjXG 64332 293249
GEkJAGDmNh 64332 155773
YCJcTQWJYJ 64332 126564
PpHAenwIKv 64332 108169
tbvmnZnCnu 64332 56273
FnsDCxtZyE 64332 24910
FIuXqHMzmb 65283 961848
IttCfLKUyS 65283 917323
syioRDRBjm 65283 911063
UdpHZoyxGg 65283 894314
EFhejoRGwk 65283 833497
PkOHcJexeT 65283 726514
UPquOyAvoT 65283 713437
PcDpqaeeOL 65283 691665
GhehmtvjpQ 65283 688935
LNTLIaHxZB 65283 632024
azegqRIVbE 65283 588730
JDxIRWGDzt 65283 585408
ZcCYDmAYDb 65283 578198
lBBAbYUDrH 65283 531254
MPQenlkstx 65283 514880
MYYFOAEVCa 65283 477422
ZSeTwUhmly 65283 427575
OygGyjDNyB 65283 381031
qczdRviuXn 65283 370555
jsIZHnefPg 65283 309482
ZWxSAXEnwF 65283 275677
UqfBSwIikM 65283 174717
luDjhHBREm 65283 107601
koTyadBMsW 65283 87613
eijzuZswVk 65283 73259
GHABsIlZWf 68471 990307
BcWudoTHWp 68471 887410
lCCIuGpPyl 68471 884291
MQpkXwMIru 68471 847152
KdOYAxtMFU 68471 773908
CcfaxXmDUM 68471 766954
FGjHCkPjOJ 68471 708015
gNBenPPRtI 68471 704816
RZlzGlsWYn 68471 628010
SXZyInyVMw 68471 575492
EmsKKYFAzf 68471 546303
waWAjpvrHS 68471 515705
JihpWYFHEc 68471 503062
ZaIpnqyYOi 68471 484766
eRXiLzOwiB 68471 466235
XSWQkaFUnE 68471 446061
SxPuBpTqgB 68471 417754
msjFHzZTaR 68471 281715
oimoeZAXAX 68471 243853
RcFAxiMXsY 68471 241439
zpXwjUwTEJ 68471 235203
CdfwwxuVJY 68471 132276
wJiWcuUucQ 68471 122590
zCAzNQxpQy 68471 98191
GnCNMGOMnZ 68471 58329
EuoBIBNkgk 69425 989915
enXZbMGXGW 69425 941249
EUrlxToHtD 69425 925593
hjSiMDeqrP 69425 924713
hiYtaRGaNb 69425 921378
lgrnfZtAlP 69425 900459
OEOAHtBPql 69425 892228
wUEThnMNts 69425 882813
LIRulaFrnD 69425 845080
OqIfiTdGqj 69425 796105
GXnKbiHBhb 69425 792458
NiFUCVMFND 69425 792163
KKabzxaAmR 69425 759796
QfGuSYjNPp 69425 734546
pCIfhSujPJ 69425 713929
rRhOmmGrUC 69425 590907
pNQtDJrxfH 69425 550083
HlvqKqoShT 69425 484269
EqkjGQoUBF 69425 473254
ZiIEtMDVeT 69425 445813
cGtXSFqYIq 69425 322176
NHMMNfEoxg 69425 320421
luZyICLtVt 69425 102295
xJwrRwqpoA 69425 25025
zuQfxjvnXH 69425 14930
udxFschkja 69460 999164
CMvYgYSDiR 69460 940553
EWTnsUOzEk 69460 855321
yUkbTfyyFz 69460 854678
hhdbJyELeF 69460 853215
AuPbpURdRj 69460 834172
ERGsiIoxje 69460 740039
YOHHtYHWrl 69460 649348
sUdOzvmNkb 69460 582057
kRnCBEyRbb 69460 576688
azSLiSqrIA 69460 517904
roGMkWlicb 69460 463234
KZKCMlxKUc 69460 399602
kwPPOwnIQy 69460 369523
qoQPdYiken 69460 353887
ebkjBhEIDQ 69460 338833
TGxPfKMVVn 69460 324125
kFQgHtsNZa 69460 286062
QUOMLIpBUU 69460 216347
qxwGJpqxEJ 69460 95083
ICbKVyZMPc 69460 65856
AwRpxATJiQ 69460 64621
ivjYumlblK 69460 47881
rEArNoRBmy 69460 36017
qZFfOAonNW 69460 1028
ihxoxZJNUh 74567 995055
tGZwQUBqWh 74567 887186
VOEmcHdgRb 74567 843468
szwmsuHaMR 74567 843426
QDMUcmQCkp 74567 784135
mIynZTttMw 74567 716532
kmROwEsASh 74567 702920
RrNBDoDhlg 74567 670197
qcmGcgZsns 74567 649605
hBgJSaqSKU 74567 648541
CtNHXpzbUV 74567 637180
cPpIXpDSwr 74567 612304
dzwIKOkqrj 74567 490719
LYtfTLlspo 74567 469096
hHpIYNhjTl 74567 464382
OBfEeveCRH 74567 461378
rQwLnAwWDj 74567 455413
PjOAoXKULM 74567 444754
LhknYdlUVo 74567 393301
LNnsAJqLGq 74567 330199
zrQYVPWggx 74567 232801
gJFLJGWTNt 74567 139895
ifYvHoiVGq 74567 119584
oowCcdUSVm 74567 100253
SXMaNHDpKW 74567 77036
DGfrGFmFTw 74731 883474
HAafYIJnIf 74731 882658
qaEhQpkVfK 74731 882268
hTjjazdwlt 74731 849147
idOTAWWcrl 74731 848228
HwdfJLqyIn 74731 797644
VjebvYAzqn 74731 785769
WdJhrTGCIK 74731 726043
bgILdvzstZ 74731 678015
zLchsUkKTh 74731 620179
EnFCyBYLaC 74731 593111
qCTpMqKmAj 74731 555285
GFEIeTOKPa 74731 513519
whPsdpNkOs 74731 507069
uuTIPyKKpM 74731 497764
TvdByveflY 74731 494139
JHsCHCGobE 74731 445764
VvZmgMYhQK 74731 426995
qEreldPEjy 74731 422087
neXnrTWRUV 74731 413934
dIxKKKHEYa 74731 312485
uFSVUuDHNM 74731 306038
arFOuaOhBm 74731 212078
iGaEftmNOV 74731 173442
grXRtGStJx 74731 76296
TbxEXIFuDC 78907 936264
WEFtUrzdaX 78907 830284
WAGXLGEVJF 78907 749336
gPLaCHnCZT 78907 718002
LhXsnIKpdN 78907 702837
fcWtRoAlnz 78907 691741
NoxWxNKCjj 78907 689021
EvPVWrepmb 78907 671652
coyuRJyyHZ 78907 584122
RRoSJwLyQA 78907 483069
tnNsQDLuXd 78907 460023
IzLwlUZfbr 78907 445168
CzgBsvxWie 78907 418135
upSDvExerQ 78907 385222
oPmVDOuSap 78907 366718
ijBJZBNAsw 78907 365761
zlwreldUOG 78907 333224
VaMaOAyOWO 78907 278413
ijXiUDDhOZ 78907 248238
GxYNjDthbU 78907 236375
cnCYUTSfCS 78907 221660
wULAMaGRWb 78907 140923
tyeCAQnidb 78907 139791
AOJSbhYUDF 78907 89678
OnrqKmPOhM 78907 56892
PsACrZCPkr 79708 954054
UiOZyvzZnf 79708 856814
nDJagxQvCR 79708 825346
OAxcSzSMXi 79708 810981
jFZBCquCUO 79708 803239
XzmOBSKDWb 79708 762805
zwAMZvffHo 79708 740899
XritROUQdD 79708 739820
QeBeULRgnR 79708 717806
zeHIyVjFUu 79708 691843
khwwsUbUdc 79708 634056
frYMRlLDFu 79708 485023
fCtqxsXRDn 79708 468061
AAfRjRGBUs 79708 451825
lVpZexdjGk 79708 301535
CBioDmpDXV 79708 295392
YGsagJGQaH 79708 295095
gSEyhWIqtH 79708 273365
LRIKoRQiDt 79708 259389
weSzyPgNun 79708 232332
vGDRAPFWNY 79708 218590
yOyBtXptgK 79708 121756
YPgveNCXwW 79708 68805
XZBVNjkGEY 79708 47707
UKvnvdUaSg 79708 33228
pSKttndypw 80043 989106
QsmwCWhDuO 80043 987054
dZayerakbE 80043 977340
MvEcSfveVB 80043 976789
yWIEInIDHY 80043 959955
gDYCDzShSi 80043 920921
NtBIVhLsmK 80043 893010
xSDxEPHsLQ 80043 778734
JGGggrvXJi 80043 703322
kARbgDHuOB 80043 703273
yfGxZvgDzJ 80043 671033
bCHOnjlwrf 80043 636401
GNXJAqUaRs 80043 633565
nLkpdxLtDa 80043 619089
UqbLoWsVOO 80043 606363
NyFGvdevAu 80043 540219
pgCeVCRuZi 80043 501093
iNoNNHZDDB 80043 492807
XKffCoBJVO 80043 338822
GmRQnawbxA 80043 311850
eYwAMJZZdK 80043 311772
RfksGwLUUq 80043 216260
BJcRCdIjMo 80043 199487
yBZWBRwchf 80043 138599
LJiISKLTWG 80043 35073
vSsXaSlnxl 84398 987798
XnmJFTrUBA 84398 906271
iMZHrxADrd 84398 888377
CesIZSmdkn 84398 872477
agDvMDBuSu 84398 831032
MKDUJAYljI 84398 796911
mjwGDdfyZN 84398 783417
AaDjOueZkw 84398 770924
myHiOevuuW 84398 762684
eZyGefldMT 84398 762643
andhSejKkQ 84398 715255
XmxNFuELcF 84398 689771
djknxvfKAs 84398 672840
lplOGKSsyX 84398 631814
YgxqCrKtRn 84398 591738
XaRDYgbMFO 84398 557093
ypDKmfQCOK 84398 542820
EeSmBaSygj 84398 491292
ASDIlvPjrJ 84398 488594
mOZKWpZuPm 84398 475074
bNMjocOiqF 84398 449612
sHockboDtk 84398 233469
MAStHrbCsz 84398 113550
nitaeeiung 84398 41484
jdRrIDzEyI 84398 7105
gyyYceJkCd 87555 949997
bASnEsjGiB 87555 912796
kXwacNoRtl 87555 841346
GpnJRrnokR 87555 802300
BYVPfPmyxM 87555 789729
yOYmoXlIgD 87555 766881
rlgRwlShvQ 87555 761569
etIdJuMRNe 87555 666983
pNNJcdrMFw 87555 631326
cvbiEoffKo 87555 569712
JYzuElimxG 87555 562809
NyLRWCfMff 87555 551691
duTDnGQdeA 87555 442713
iqtPTOxmwr 87555 415985
DywKVNxoxb 87555 395006
DgPNQrOuvk 87555 369949
RWMJXyspCE 87555 314078
flNfbDCCrA 87555 285942
BmGjotDfEv 87555 220771
SkNKaeLfqf 87555 200569
RlohoxKNyO 87555 193000
tNrFfAKPcn 87555 134091
gVThicJTOz 87555 95307
aNgwQTTRzD 87555 58410
PIsLqYcJFG 87555 54806
OAkqDVrmGz 91430 958164
hOXWnnoTUz 91430 954325
nqKHIkLNtZ 91430 952169
ckISjxORZm 91430 892539
HpaPITVpya 91430 834563
uDuTYBjNFf 91430 796961
yhMAxFnkmu 91430 749153
TsXTjSVNsN 91430 722576
PARGtOzciY 91430 710197
OKkAvkPyEs 91430 643012
EWNSBvCsBq 91430 597958
KefTzYOfJt 91430 538077
CAREBkGXdi 91430 497045
KJRPXZzxiI 91430 374530
sTiFkkXSYL 91430 325655
UrWOwDKviN 91430 320893
erwHXThGZb 91430 289732
bajGbEngBw 91430 278210
KyTipJoIfC 91430 194330
DkkbCyhpnN 91430 151294
SUmJjRfrHD 91430 144745
slOmkvapZe 91430 92181
NMTXefDpCK 91430 67227
XRYncYPILE 91430 49231
ynxPZmWouP 91430 42715
fwycFIGDXR 96296 988630
ruCwZEEIen 96296 871720
CCrrVgQbQC 96296 772860
CcltdKVQYY 96296 736329
DPOapnkttL 96296 730489
kmBYulRiHO 96296 682207
aaUXBOJcja 96296 672923
KqnFLuqizu 96296 619637
QlWALPxmht 96296 591436
lAFobCbluv 96296 492070
uArUVBhMAD 96296 453104
GnxlAqkPVE 96296 432137
wCkiVSNAVj 96296 376467
RsLlwfIvpL 96296 363418
DOLhokRobX 96296 337272
MkUlhzUTuA 96296 320598
LccunQlmYw 96296 299805
ONktBYSDdX 96296 262426
VkWWahPuev 96296 227838
pSHRJUtpTd 96296 203029
ULIbajKiJq 96296 127502
IksqcdJRRP 96296 124075
iAhJyZfCpg 96296 123197
hicIPzwOCZ 96296 92648
HVxsiRNgua 96296 48064
chXZbDMkXs 97772 956617
hiuvcAcZRD 97772 953823
DyHODuCvvW 97772 829875
vHMEBNWoqh 97772 761831
SKpvuYcFgQ 97772 682027
pkRqkyDowb 97772 677712
eucogEIVZY 97772 616641
BHWxCLfluR 97772 578142
fHZwttgqdA 97772 491963
kfTZdMlhgg 97772 459766
isgAYZXRIH 97772 449127
tqVWFNNELI 97772 431806
GIfoDVrbtc 97772 427324
yeTVGyzwKD 97772 422395
qYJAVunQPY 97772 406978
DrNVGarUWD 97772 375088
CUOpCbbUPn 97772 267424
OPohfXINeS 97772 255299
SmQUHxhMWV 97772 238077
rmokRbwWFF 97772 209459
JoYxOvMLbm 97772 194414
eJVNXDNsQc 97772 180473
GteDxXmPqw 97772 126198
TAyCrDwPaD 97772 113046
uMEykWDsVL 97772 79692
nzIwOXUxPm 98636 918075
bwsCueMAeK 98636 873138
LsLqgItamx 98636 851028
wnupvmGURE 98636 778889
HpyMngshNj 98636 754495
DimEdkelNi 98636 725789
VaKZfRhMWW 98636 720873
bzyZotSjWR 98636 715047
PZawieUTWi 98636 697652
JJWDEFBkLH 98636 690116
qWhNeFMjwq 98636 636254
aQeTJcFymP 98636 591925
UguODSxEpj 98636 470698
ASrhtjmrVl 98636 381872
XzDPCqjyyM 98636 381689
XuwMohdLPF 98636 370926
JkEzKvIkEA 98636 294707
ekTmspEzvW 98636 235664
LWpcohkRZa 98636 176527
HEJGuhrMxE 98636 117899
ZzoSpYCspt 98636 110570
eccvUcdVUc 98636 45203
qfBnQHAWaT 98636 25543
ePdAZMoEkL 98636 12615
tBXCMWUYwN 98636 2692
